%!Adobe-FontList 1.06

%BeginFont
Handler:DirectoryHandler
FontType:TrueType
FontName:FangSong_GB2312
FamilyName:FangSong_GB2312
StyleName:Regular
FullName:FangSong_GB2312
FamilyNameNative:·ÂËÎ_GB2312
StyleNameNative:Regular
FullNameNative:·ÂËÎ_GB2312
WritingScript:SimplifiedChinese
OutlineFileName:D:\CAXIT\Font\fs2312.ttf
DataFormat:sfntData
FileLength:3996872
WeightClass:400
WidthClass:5
AngleClass:0
%EndFont

%BeginFont
Handler:DirectoryHandler
FontType:TrueType
FontName:RomanS
FamilyName:RomanS
StyleName:Regular
FullName:RomanS
WritingScript:Roman
OutlineFileName:D:\CAXIT\Font\romans.ttf
DataFormat:sfntData
FileLength:50020
WeightClass:400
WidthClass:5
AngleClass:0
%EndFont

%BeginFont
Handler:DirectoryHandler
FontType:TrueType
FontName:SimSun
FamilyName:SimSun
StyleName:Regular
FullName:SimSun
FamilyNameNative:ËÎÌå
StyleNameNative:Regular
FullNameNative:ËÎÌå
WritingScript:SimplifiedChinese
OutlineFileName:D:\CAXIT\Font\simsun.ttf
TTCOffset:20
DataFormat:sfntData
FileLength:10500792
WeightClass:400
WidthClass:5
AngleClass:0
%EndFont

%BeginFont
Handler:DirectoryHandler
FontType:TrueType
FontName:NSimSun
FamilyName:NSimSun
StyleName:Regular
FullName:NSimSun
FamilyNameNative:ÐÂËÎÌå
StyleNameNative:Regular
FullNameNative:ÐÂËÎÌå
WritingScript:SimplifiedChinese
OutlineFileName:D:\CAXIT\Font\simsun.ttf
TTCOffset:336
DataFormat:sfntData
FileLength:10500792
WeightClass:400
WidthClass:5
AngleClass:0
%EndFont

%BeginFont
Handler:DirectoryHandler
FontType:TrueType
FontName:CTFangSongSJ
FamilyName:CTFangSongSJ
StyleName:Regular
FullName:CTFangSongSJ
FamilyNameNative:Î¢Èí¼ò·ÂËÎ
StyleNameNative:Regular
FullNameNative:Î¢Èí¼ò·ÂËÎ
WritingScript:SimplifiedChinese
OutlineFileName:D:\CAXIT\Font\Î¢Èí¼ò·ÂËÎ.TTF
DataFormat:sfntData
FileLength:3702572
WeightClass:5
WidthClass:5
AngleClass:0
%EndFont

