%!Adobe-FontList 1.11.1
%Locale:0x804

%BeginFont
Handler:DirectoryHandler
FontType:TrueType
FontName:0.67FangSong_GB2312-R
FamilyName:0.67FangSong_GB2312
StyleName:Regular
FullName:0.67FangSong_GB2312
MenuName:0.67-25仿宋_GB2312
StyleBits:0
FamilyNameNative:0.67-25仿宋_GB2312
StyleNameNative:Regular
FullNameNative:0.67-25仿宋_GB2312
WritingScript:SimplifiedChinese
OutlineFileName:D:\CREO\Font\\07fs.ttf
DataFormat:sfntData
FileLength:3983680
FileModTime:1255746746
WeightClass:400
WidthClass:5
AngleClass:0
%EndFont

%BeginFont
Handler:DirectoryHandler
FontType:TrueType
FontName:FangSong_GB2312
FamilyName:FangSong_GB2312
StyleName:Regular
FullName:FangSong_GB2312
MenuName:仿宋_GB2312
StyleBits:0
FamilyNameNative:仿宋_GB2312
StyleNameNative:Regular
FullNameNative:仿宋_GB2312
WritingScript:SimplifiedChinese
OutlineFileName:D:\CREO\Font\\fs2312.ttf
DataFormat:sfntData
FileLength:3996872
FileModTime:947476800
WeightClass:400
WidthClass:5
AngleClass:0
%EndFont

%BeginFont
Handler:DirectoryHandler
FontType:TrueType
FontName:RomanS
FamilyName:RomanS
StyleName:Regular
FullName:RomanS
MenuName:RomanS
StyleBits:0
WritingScript:Roman
OutlineFileName:D:\CREO\Font\\romans.ttf
DataFormat:sfntData
FileLength:50020
FileModTime:1125136196
WeightClass:400
WidthClass:5
AngleClass:0
%EndFont

%BeginFont
Handler:DirectoryHandler
FontType:TrueType
FontName:SimSun
FamilyName:SimSun
StyleName:Regular
FullName:SimSun
MenuName:宋体
StyleBits:0
FamilyNameNative:宋体
StyleNameNative:Regular
FullNameNative:宋体
WritingScript:SimplifiedChinese
OutlineFileName:D:\CREO\Font\\simsun.ttf
TTCOffset:20
DataFormat:sfntData
FileLength:10500792
FileModTime:1092268800
WeightClass:400
WidthClass:5
AngleClass:0
%EndFont

%BeginFont
Handler:DirectoryHandler
FontType:TrueType
FontName:NSimSun
FamilyName:NSimSun
StyleName:Regular
FullName:NSimSun
MenuName:新宋体
StyleBits:0
FamilyNameNative:新宋体
StyleNameNative:Regular
FullNameNative:新宋体
WritingScript:SimplifiedChinese
OutlineFileName:D:\CREO\Font\\simsun.ttf
TTCOffset:336
DataFormat:sfntData
FileLength:10500792
FileModTime:1092268800
WeightClass:400
WidthClass:5
AngleClass:0
%EndFont

%BeginFont
Handler:DirectoryHandler
FontType:TrueType
FontName:CTFangSongSJ
FamilyName:CTFangSongSJ
StyleName:Regular
FullName:CTFangSongSJ
MenuName:微软简仿宋
StyleBits:0
FamilyNameNative:微软简仿宋
StyleNameNative:Regular
FullNameNative:微软简仿宋
WritingScript:SimplifiedChinese
OutlineFileName:D:\CREO\Font\\微软简仿宋.TTF
DataFormat:sfntData
FileLength:3702572
FileModTime:949362012
WeightClass:5
WidthClass:5
AngleClass:0
%EndFont

